2026-09-26T15:58:22.7135055Z capture title-screen 0 0
2026-09-26T15:58:59.2274108Z click screen 436 480
2026-09-26T15:59:00.3794318Z capture main-menu 0 0
2026-09-26T15:59:21.2870449Z click screen 430 379
2026-09-26T15:59:22.1621266Z capture mod-list 0 0
2026-09-26T15:59:47.4592782Z click screen 538 480
2026-09-26T15:59:47.8430925Z click screen 435 236
2026-09-26T15:59:48.8049793Z capture create-world 0 0
2026-09-26T16:00:14.8128441Z capture world-options 0 0
2026-09-26T16:00:58.1590615Z click screen 408 147
2026-09-26T16:00:59.1139213Z keys ^aT006-new-world 0 0
2026-09-26T16:00:59.9370396Z capture world-settings 0 0
2026-09-26T16:01:00.2944335Z click screen 277 480
2026-09-26T16:01:19.5678227Z capture world-entry 0 0
2026-09-26T16:03:10.2498316Z keys {F3} 0 0
2026-09-26T16:03:11.1505995Z capture world-debug 0 0
2026-09-26T16:03:11.5290783Z keys {F3} 0 0
2026-09-26T16:03:11.9161416Z keys {ESC} 0 0
2026-09-26T16:03:12.7938681Z capture pause-menu 0 0
2026-09-26T16:03:45.2486090Z keys {ESC} 0 0
2026-09-26T16:03:46.2337615Z capture exit-menu 0 0
2026-09-26T16:04:05.3680673Z click screen 839 15
2026-09-26T16:05:45.1601796Z close screen 0 0
