ENV java=21.0.12.1 vm=OpenJDK 64-Bit Server VM os=Windows 11 arch=amd64 processors=12 gameExecuted=false
TIMING,n,repetitions_per_sample,median_us_per_route_pass,median_allocated_bytes_per_route_pass
SAMPLE,8,0,0.481,2560.0
SAMPLE,8,1,0.387,2560.0
SAMPLE,8,2,0.545,2560.0
SAMPLE,8,3,0.561,2560.0
SAMPLE,8,4,0.367,2560.0
SAMPLE,8,5,0.540,2560.0
SAMPLE,8,6,0.573,2560.0
TIMING,8,4000,0.540,2560.0
SAMPLE,16,0,2.798,8560.0
SAMPLE,16,1,1.951,8560.0
SAMPLE,16,2,2.170,8560.0
SAMPLE,16,3,1.502,8560.0
SAMPLE,16,4,1.252,8560.0
SAMPLE,16,5,2.484,8560.0
SAMPLE,16,6,1.180,8560.0
TIMING,16,4000,1.951,8560.0
SAMPLE,32,0,3.998,30920.0
SAMPLE,32,1,4.044,30920.0
SAMPLE,32,2,4.009,30920.0
SAMPLE,32,3,4.246,30920.0
SAMPLE,32,4,4.257,30920.0
SAMPLE,32,5,4.268,30920.0
SAMPLE,32,6,4.911,30920.0
TIMING,32,1953,4.246,30920.0
SAMPLE,64,0,14.807,117040.0
SAMPLE,64,1,13.751,117040.0
SAMPLE,64,2,16.059,117040.0
SAMPLE,64,3,14.430,117040.0
SAMPLE,64,4,16.302,117040.0
SAMPLE,64,5,13.874,117040.0
SAMPLE,64,6,15.654,117040.0
TIMING,64,488,14.807,117040.0
SAMPLE,128,0,64.914,455200.0
SAMPLE,128,1,61.684,455200.0
SAMPLE,128,2,60.313,455200.0
SAMPLE,128,3,60.048,455200.0
SAMPLE,128,4,55.543,455200.0
SAMPLE,128,5,60.611,455200.0
SAMPLE,128,6,58.663,455200.0
TIMING,128,122,60.313,455200.0
SAMPLE,256,0,213.690,1795160.0
SAMPLE,256,1,234.147,1795160.0
SAMPLE,256,2,200.317,1795160.0
SAMPLE,256,3,213.030,1795160.0
SAMPLE,256,4,219.507,1795160.0
SAMPLE,256,5,231.227,1795160.0
SAMPLE,256,6,202.673,1795160.0
TIMING,256,30,213.690,1795160.0
SAMPLE,512,0,873.625,7129280.0
SAMPLE,512,1,1049.608,7129280.0
SAMPLE,512,2,946.075,7129280.0
SAMPLE,512,3,890.400,7129280.0
SAMPLE,512,4,969.433,7129280.0
SAMPLE,512,5,974.850,7129280.0
SAMPLE,512,6,913.900,7129280.0
TIMING,512,12,946.075,7129280.0
SAMPLE,1024,0,3580.533,28414320.0
SAMPLE,1024,1,3666.333,28414320.0
SAMPLE,1024,2,3615.225,28414320.0
SAMPLE,1024,3,3628.725,28414320.0
SAMPLE,1024,4,3464.017,28414320.0
SAMPLE,1024,5,3613.300,28414320.0
SAMPLE,1024,6,3554.167,28414320.0
TIMING,1024,12,3613.300,28414320.0
