ENV java=21.0.12.1 vm=OpenJDK 64-Bit Server VM os=Windows 11 arch=amd64 processors=12 gameExecuted=false
TIMING,n,repetitions_per_sample,median_us_per_route_pass,median_allocated_bytes_per_route_pass
SAMPLE,8,0,0.417,2560.0
SAMPLE,8,1,0.344,2560.0
SAMPLE,8,2,0.554,2560.0
SAMPLE,8,3,0.376,2560.0
SAMPLE,8,4,0.427,2560.0
SAMPLE,8,5,0.837,2560.0
SAMPLE,8,6,0.553,2560.0
TIMING,8,4000,0.427,2560.0
SAMPLE,16,0,1.092,8560.0
SAMPLE,16,1,1.213,8560.0
SAMPLE,16,2,2.028,8560.0
SAMPLE,16,3,1.206,8560.0
SAMPLE,16,4,1.037,8560.0
SAMPLE,16,5,1.329,8560.0
SAMPLE,16,6,1.251,8560.0
TIMING,16,4000,1.213,8560.0
SAMPLE,32,0,4.336,30920.0
SAMPLE,32,1,4.156,30920.0
SAMPLE,32,2,3.968,30920.0
SAMPLE,32,3,4.377,30920.0
SAMPLE,32,4,3.822,30920.0
SAMPLE,32,5,5.185,30920.0
SAMPLE,32,6,4.072,30920.0
TIMING,32,1953,4.156,30920.0
SAMPLE,64,0,15.478,117040.0
SAMPLE,64,1,16.699,117040.0
SAMPLE,64,2,14.528,117040.0
SAMPLE,64,3,13.881,117040.0
SAMPLE,64,4,15.980,117040.0
SAMPLE,64,5,14.055,117040.0
SAMPLE,64,6,15.323,117040.0
TIMING,64,488,15.323,117040.0
SAMPLE,128,0,63.889,455200.0
SAMPLE,128,1,53.582,455200.0
SAMPLE,128,2,53.010,455200.0
SAMPLE,128,3,58.709,455200.0
SAMPLE,128,4,54.988,455200.0
SAMPLE,128,5,52.803,455200.0
SAMPLE,128,6,59.790,455200.0
TIMING,128,122,54.988,455200.0
SAMPLE,256,0,259.067,1795160.0
SAMPLE,256,1,231.047,1795160.0
SAMPLE,256,2,226.110,1795160.0
SAMPLE,256,3,243.530,1795160.0
SAMPLE,256,4,215.967,1795160.0
SAMPLE,256,5,212.817,1795160.0
SAMPLE,256,6,241.477,1795160.0
TIMING,256,30,231.047,1795160.0
SAMPLE,512,0,804.817,7129280.0
SAMPLE,512,1,871.600,7129280.0
SAMPLE,512,2,803.725,7129280.0
SAMPLE,512,3,858.400,7129280.0
SAMPLE,512,4,849.583,7129280.0
SAMPLE,512,5,876.425,7129280.0
SAMPLE,512,6,796.675,7129280.0
TIMING,512,12,849.583,7129280.0
SAMPLE,1024,0,4057.900,28414320.0
SAMPLE,1024,1,3519.483,28414320.0
SAMPLE,1024,2,3599.717,28414320.0
SAMPLE,1024,3,3487.492,28414320.0
SAMPLE,1024,4,3422.300,28414320.0
SAMPLE,1024,5,3557.358,28414320.0
SAMPLE,1024,6,3493.158,28414320.0
TIMING,1024,12,3519.483,28414320.0
