ENV java=21.0.12.1 vm=OpenJDK 64-Bit Server VM os=Windows 11 arch=amd64 processors=12 gameExecuted=false
TIMING,n,repetitions_per_sample,median_us_per_route_pass,median_allocated_bytes_per_route_pass
SAMPLE,8,0,0.548,2560.0
SAMPLE,8,1,0.313,2560.0
SAMPLE,8,2,0.308,2560.0
SAMPLE,8,3,0.553,2560.0
SAMPLE,8,4,0.334,2560.0
SAMPLE,8,5,0.314,2560.0
SAMPLE,8,6,0.310,2560.0
TIMING,8,4000,0.314,2560.0
SAMPLE,16,0,1.447,8560.0
SAMPLE,16,1,1.208,8560.0
SAMPLE,16,2,1.193,8560.0
SAMPLE,16,3,1.093,8560.0
SAMPLE,16,4,1.165,8560.0
SAMPLE,16,5,1.313,8560.0
SAMPLE,16,6,1.260,8560.0
TIMING,16,4000,1.208,8560.0
SAMPLE,32,0,4.833,30920.0
SAMPLE,32,1,4.126,30920.0
SAMPLE,32,2,4.707,30920.0
SAMPLE,32,3,3.942,30920.0
SAMPLE,32,4,3.784,30920.0
SAMPLE,32,5,4.100,30920.0
SAMPLE,32,6,3.823,30920.0
TIMING,32,1953,4.100,30920.0
SAMPLE,64,0,13.765,117040.0
SAMPLE,64,1,16.160,117040.0
SAMPLE,64,2,15.279,117040.0
SAMPLE,64,3,14.719,117040.0
SAMPLE,64,4,15.055,117040.0
SAMPLE,64,5,15.345,117040.0
SAMPLE,64,6,14.460,117040.0
TIMING,64,488,15.055,117040.0
SAMPLE,128,0,53.524,455200.0
SAMPLE,128,1,58.792,455200.0
SAMPLE,128,2,63.581,455200.0
SAMPLE,128,3,51.328,455200.0
SAMPLE,128,4,56.214,455200.0
SAMPLE,128,5,64.439,455200.0
SAMPLE,128,6,57.965,455200.0
TIMING,128,122,57.965,455200.0
SAMPLE,256,0,224.067,1795160.0
SAMPLE,256,1,216.653,1795160.0
SAMPLE,256,2,238.333,1795160.0
SAMPLE,256,3,208.470,1795160.0
SAMPLE,256,4,214.680,1795160.0
SAMPLE,256,5,247.850,1795160.0
SAMPLE,256,6,229.347,1795160.0
TIMING,256,30,224.067,1795160.0
SAMPLE,512,0,818.600,7129280.0
SAMPLE,512,1,899.758,7129280.0
SAMPLE,512,2,773.575,7129280.0
SAMPLE,512,3,915.008,7129280.0
SAMPLE,512,4,842.608,7129280.0
SAMPLE,512,5,1443.500,7129280.0
SAMPLE,512,6,1824.433,7129280.0
TIMING,512,12,899.758,7129280.0
SAMPLE,1024,0,3526.725,28414320.0
SAMPLE,1024,1,3491.958,28414320.0
SAMPLE,1024,2,4479.792,28414320.0
SAMPLE,1024,3,4055.050,28414320.0
SAMPLE,1024,4,3499.383,28414320.0
SAMPLE,1024,5,3438.492,28414320.0
SAMPLE,1024,6,3360.250,28414320.0
TIMING,1024,12,3499.383,28414320.0
