[279月2026 00:01:00.373] [Server thread/INFO] [net.minecraft.client.server.IntegratedServer/]: Starting integrated minecraft server version 1.21.1
[279月2026 00:01:00.379] [Server thread/INFO] [net.minecraft.server.MinecraftServer/]: Generating keypair
[279月2026 00:01:03.054] [Server thread/INFO] [net.minecraft.server.MinecraftServer/]: Preparing start region for dimension minecraft:overworld
[279月2026 00:01:03.075] [progressListener/INFO] [net.minecraft.server.level.progress.LoggerChunkProgressListener/]: 正在準備重生點區域：2%
[279月2026 00:01:03.560] [progressListener/INFO] [net.minecraft.server.level.progress.LoggerChunkProgressListener/]: 正在準備重生點區域：2%
[279月2026 00:01:04.065] [progressListener/INFO] [net.minecraft.server.level.progress.LoggerChunkProgressListener/]: 正在準備重生點區域：18%
[279月2026 00:01:04.732] [progressListener/INFO] [net.minecraft.server.level.progress.LoggerChunkProgressListener/]: 正在準備重生點區域：18%
[279月2026 00:01:05.068] [progressListener/INFO] [net.minecraft.server.level.progress.LoggerChunkProgressListener/]: 正在準備重生點區域：51%
[279月2026 00:01:05.420] [Server thread/INFO] [net.neoforged.neoforge.server.permission.PermissionAPI/]: Successfully initialized permission handler neoforge:default_handler
[279月2026 00:01:05.421] [Server thread/INFO] [com.ericchiu.simplerail.SimpleRail/]: HELLO from server starting
[279月2026 00:01:05.425] [progressListener/INFO] [net.minecraft.server.level.progress.LoggerChunkProgressListener/]: Time elapsed: 2367 ms
[279月2026 00:01:05.457] [Server thread/INFO] [net.minecraft.client.server.IntegratedServer/]: Changing view distance to 12, from 10
[279月2026 00:01:05.457] [Server thread/INFO] [net.minecraft.client.server.IntegratedServer/]: Changing simulation distance to 12, from 0
[279月2026 00:01:05.945] [Server thread/INFO] [net.minecraft.server.players.PlayerList/]: Dev[local:E:7155e498] logged in with entity id 33 at (-101.5, 68.0, 3.5)
[279月2026 00:01:06.014] [Server thread/INFO] [net.minecraft.server.MinecraftServer/]: Dev 加入了遊戲
[279月2026 00:01:06.117] [Render thread/INFO] [net.minecraft.advancements.AdvancementTree/]: Loaded 2 advancements
[279月2026 00:01:16.902] [Server thread/INFO] [net.minecraft.client.server.IntegratedServer/]: Saving and pausing game...
[279月2026 00:01:16.919] [Server thread/INFO] [net.minecraft.server.MinecraftServer/]: Saving chunks for level 'ServerLevel[T006-new-world]'/minecraft:overworld
[279月2026 00:01:16.934] [Server thread/INFO] [net.minecraft.server.MinecraftServer/]: Saving chunks for level 'ServerLevel[T006-new-world]'/minecraft:the_nether
[279月2026 00:01:16.935] [Server thread/INFO] [net.minecraft.server.MinecraftServer/]: Saving chunks for level 'ServerLevel[T006-new-world]'/minecraft:the_end
[279月2026 00:01:22.772] [Server thread/INFO] [net.minecraft.client.server.IntegratedServer/]: Saving and pausing game...
[279月2026 00:01:22.778] [Server thread/INFO] [net.minecraft.server.MinecraftServer/]: Saving chunks for level 'ServerLevel[T006-new-world]'/minecraft:overworld
[279月2026 00:01:22.787] [Server thread/INFO] [net.minecraft.server.MinecraftServer/]: Saving chunks for level 'ServerLevel[T006-new-world]'/minecraft:the_nether
[279月2026 00:01:22.787] [Server thread/INFO] [net.minecraft.server.MinecraftServer/]: Saving chunks for level 'ServerLevel[T006-new-world]'/minecraft:the_end
[279月2026 00:01:24.331] [Server thread/INFO] [net.minecraft.server.network.ServerGamePacketListenerImpl/]: Dev lost connection: 連線中斷
[279月2026 00:01:24.332] [Server thread/INFO] [net.minecraft.server.MinecraftServer/]: Dev 離開了遊戲
[279月2026 00:01:24.338] [Server thread/INFO] [net.minecraft.server.network.ServerCommonPacketListenerImpl/]: Stopping singleplayer server as player logged out
[279月2026 00:01:24.380] [Server thread/INFO] [net.minecraft.server.MinecraftServer/]: Stopping server
[279月2026 00:01:24.381] [Server thread/INFO] [net.minecraft.server.MinecraftServer/]: Saving players
[279月2026 00:01:24.381] [Server thread/INFO] [net.minecraft.server.MinecraftServer/]: Saving worlds
[279月2026 00:01:25.173] [Server thread/INFO] [net.minecraft.server.MinecraftServer/]: Saving chunks for level 'ServerLevel[T006-new-world]'/minecraft:overworld
[279月2026 00:01:26.001] [Server thread/INFO] [net.minecraft.server.MinecraftServer/]: Saving chunks for level 'ServerLevel[T006-new-world]'/minecraft:the_nether
[279月2026 00:01:26.003] [Server thread/INFO] [net.minecraft.server.MinecraftServer/]: Saving chunks for level 'ServerLevel[T006-new-world]'/minecraft:the_end
[279月2026 00:01:26.007] [Server thread/INFO] [net.minecraft.server.MinecraftServer/]: ThreadedAnvilChunkStorage (T006-new-world): All chunks are saved
[279月2026 00:01:26.007] [Server thread/INFO] [net.minecraft.server.MinecraftServer/]: ThreadedAnvilChunkStorage (DIM-1): All chunks are saved
[279月2026 00:01:26.007] [Server thread/INFO] [net.minecraft.server.MinecraftServer/]: ThreadedAnvilChunkStorage (DIM1): All chunks are saved
[279月2026 00:01:26.007] [Server thread/INFO] [net.minecraft.server.MinecraftServer/]: ThreadedAnvilChunkStorage: All dimensions are saved
[279月2026 00:01:29.437] [Render thread/INFO] [net.minecraft.world.level.storage.LevelStorageSource/]: Deleting level T006-new-world
[279月2026 00:01:29.437] [Render thread/INFO] [net.minecraft.world.level.storage.LevelStorageSource/]: Attempt 1...
[279月2026 00:01:29.968] [Render thread/INFO] [net.minecraft.world.item.crafting.RecipeManager/]: Loaded 1290 recipes
[279月2026 00:01:30.023] [Render thread/INFO] [net.minecraft.advancements.AdvancementTree/]: Loaded 1399 advancements
[279月2026 00:02:53.923] [Server thread/INFO] [net.minecraft.client.server.IntegratedServer/]: Starting integrated minecraft server version 1.21.1
[279月2026 00:02:53.924] [Server thread/INFO] [net.minecraft.server.MinecraftServer/]: Generating keypair
[279月2026 00:02:54.205] [Server thread/INFO] [net.minecraft.server.MinecraftServer/]: Preparing start region for dimension minecraft:overworld
[279月2026 00:02:54.312] [progressListener/INFO] [net.minecraft.server.level.progress.LoggerChunkProgressListener/]: 正在準備重生點區域：2%
[279月2026 00:02:54.351] [Server thread/INFO] [net.neoforged.neoforge.server.permission.PermissionAPI/]: Successfully initialized permission handler neoforge:default_handler
[279月2026 00:02:54.351] [Server thread/INFO] [com.ericchiu.simplerail.SimpleRail/]: HELLO from server starting
[279月2026 00:02:54.354] [Server thread/INFO] [net.minecraft.client.server.IntegratedServer/]: Changing view distance to 12, from 10
[279月2026 00:02:54.354] [Server thread/INFO] [net.minecraft.client.server.IntegratedServer/]: Changing simulation distance to 12, from 0
[279月2026 00:02:54.369] [progressListener/INFO] [net.minecraft.server.level.progress.LoggerChunkProgressListener/]: Time elapsed: 149 ms
[279月2026 00:02:54.566] [Server thread/INFO] [net.minecraft.server.players.PlayerList/]: Dev[local:E:f1084dca] logged in with entity id 644 at (4.5, -60.0, 9.5)
[279月2026 00:02:54.616] [Server thread/INFO] [net.minecraft.server.MinecraftServer/]: Dev 加入了遊戲
[279月2026 00:02:54.657] [Render thread/INFO] [net.minecraft.advancements.AdvancementTree/]: Loaded 2 advancements
[279月2026 00:02:57.304] [Server thread/INFO] [net.minecraft.client.server.IntegratedServer/]: Saving and pausing game...
[279月2026 00:02:57.307] [Server thread/INFO] [net.minecraft.server.MinecraftServer/]: Saving chunks for level 'ServerLevel[T006-new-world]'/minecraft:overworld
[279月2026 00:02:57.317] [Server thread/INFO] [net.minecraft.server.MinecraftServer/]: Saving chunks for level 'ServerLevel[T006-new-world]'/minecraft:the_nether
[279月2026 00:02:57.317] [Server thread/INFO] [net.minecraft.server.MinecraftServer/]: Saving chunks for level 'ServerLevel[T006-new-world]'/minecraft:the_end
[279月2026 00:03:00.754] [Server thread/INFO] [net.minecraft.client.server.IntegratedServer/]: Saving and pausing game...
[279月2026 00:03:00.759] [Server thread/INFO] [net.minecraft.server.MinecraftServer/]: Saving chunks for level 'ServerLevel[T006-new-world]'/minecraft:overworld
[279月2026 00:03:00.763] [Server thread/INFO] [net.minecraft.server.MinecraftServer/]: Saving chunks for level 'ServerLevel[T006-new-world]'/minecraft:the_nether
[279月2026 00:03:00.764] [Server thread/INFO] [net.minecraft.server.MinecraftServer/]: Saving chunks for level 'ServerLevel[T006-new-world]'/minecraft:the_end
[279月2026 00:03:24.403] [Server thread/INFO] [net.minecraft.client.server.IntegratedServer/]: Saving and pausing game...
[279月2026 00:03:24.407] [Server thread/INFO] [net.minecraft.server.MinecraftServer/]: Saving chunks for level 'ServerLevel[T006-new-world]'/minecraft:overworld
[279月2026 00:03:24.412] [Server thread/INFO] [net.minecraft.server.MinecraftServer/]: Saving chunks for level 'ServerLevel[T006-new-world]'/minecraft:the_nether
[279月2026 00:03:24.413] [Server thread/INFO] [net.minecraft.server.MinecraftServer/]: Saving chunks for level 'ServerLevel[T006-new-world]'/minecraft:the_end
[279月2026 00:03:58.903] [Server thread/INFO] [net.minecraft.client.server.IntegratedServer/]: Saving and pausing game...
[279月2026 00:03:58.909] [Server thread/INFO] [net.minecraft.server.MinecraftServer/]: Saving chunks for level 'ServerLevel[T006-new-world]'/minecraft:overworld
[279月2026 00:03:58.918] [Server thread/INFO] [net.minecraft.server.MinecraftServer/]: Saving chunks for level 'ServerLevel[T006-new-world]'/minecraft:the_nether
[279月2026 00:03:58.918] [Server thread/INFO] [net.minecraft.server.MinecraftServer/]: Saving chunks for level 'ServerLevel[T006-new-world]'/minecraft:the_end
[279月2026 00:05:45.170] [Render thread/INFO] [net.minecraft.client.Minecraft/]: Stopping!
[279月2026 00:05:45.210] [Server thread/INFO] [net.minecraft.server.network.ServerGamePacketListenerImpl/]: Dev lost connection: 連線中斷
[279月2026 00:05:45.211] [Server thread/INFO] [net.minecraft.server.MinecraftServer/]: Dev 離開了遊戲
[279月2026 00:05:45.214] [Server thread/INFO] [net.minecraft.server.network.ServerCommonPacketListenerImpl/]: Stopping singleplayer server as player logged out
[279月2026 00:05:45.254] [Server thread/INFO] [net.minecraft.server.MinecraftServer/]: Stopping server
[279月2026 00:05:45.254] [Server thread/INFO] [net.minecraft.server.MinecraftServer/]: Saving players
[279月2026 00:05:45.254] [Server thread/INFO] [net.minecraft.server.MinecraftServer/]: Saving worlds
[279月2026 00:05:45.565] [Server thread/INFO] [net.minecraft.server.MinecraftServer/]: Saving chunks for level 'ServerLevel[T006-new-world]'/minecraft:overworld
[279月2026 00:05:45.993] [Server thread/INFO] [net.minecraft.server.MinecraftServer/]: Saving chunks for level 'ServerLevel[T006-new-world]'/minecraft:the_nether
[279月2026 00:05:45.995] [Server thread/INFO] [net.minecraft.server.MinecraftServer/]: Saving chunks for level 'ServerLevel[T006-new-world]'/minecraft:the_end
[279月2026 00:05:46.000] [Server thread/INFO] [net.minecraft.server.MinecraftServer/]: ThreadedAnvilChunkStorage (T006-new-world): All chunks are saved
[279月2026 00:05:46.000] [Server thread/INFO] [net.minecraft.server.MinecraftServer/]: ThreadedAnvilChunkStorage (DIM-1): All chunks are saved
[279月2026 00:05:46.000] [Server thread/INFO] [net.minecraft.server.MinecraftServer/]: ThreadedAnvilChunkStorage (DIM1): All chunks are saved
[279月2026 00:05:46.000] [Server thread/INFO] [net.minecraft.server.MinecraftServer/]: ThreadedAnvilChunkStorage: All dimensions are saved
